// Jest Snapshot v1, https://goo.gl/fbAQLP

exports[`<Main/> should render snapshot 1`] = `
.c0 {
  display: flex;
  flex-direction: column;
  align-items: center;
  justify-content: center;
  text-align: center;
  height: 100%;
  width: 100%;
  background-color: #06092b;
  color: #fff;
  padding: 3rem;
}

<main
  class="c0"
>
  <h1>
    React Avan√ßado
  </h1>
</main>
`;
